
arek@Lenovo_ARK:/mnt/c/WINDOWS/system32$ sudo service postgresql start
[sudo] password for arek:
 * Starting PostgreSQL 13 database server                                                                        [ OK ]
arek@Lenovo_ARK:/mnt/c/WINDOWS/system32$ sudo -u postgres psql
psql (13.2 (Ubuntu 13.2-1.pgdg20.04+1))
Type "help" for help.

postgres=# /dl
postgres-# \dl
      Large objects
 ID | Owner | Description
----+-------+-------------
(0 rows)

postgres-# \dt
        List of relations
 Schema | Name | Type  |  Owner
--------+------+-------+----------
 public | todo | table | postgres
(1 row)

postgres-# select MAX(id) + 1 FROM todo;
ERROR:  syntax error at or near "/"
LINE 1: /dl
        ^
postgres=# select MAX(id) + 1 FROM todo;
 ?column?
----------
       21
(1 row)

postgres=# CREATE SEQUENCE todo_id_seq START WITH 21;
CREATE SEQUENCE
postgres=# ALTER TABLE todo ALTER COLUMN id SET DEFAULT nextval('todo_id_seq');
ALTER TABLE
postgres=# \dt
        List of relations
 Schema | Name | Type  |  Owner
--------+------+-------+----------
 public | todo | table | postgres
(1 row)

postgres=# select * from todo;
 id |                                             description                                              | done
----+------------------------------------------------------------------------------------------------------+-------
  3 | nam congue risus semper porta volutpat quam pede lobortis ligula sit amet eleifend                   | false
  5 | justo eu massa donec dapibus duis at velit eu est                                                    | true
  6 | donec pharetra magna vestibulum aliquet ultrices erat tortor sollicitudin mi sit                     | true
  7 | nulla nisl nunc nisl duis bibendum felis sed interdum venenatis turpis                               | true
 11 | metus vitae ipsum aliquam non mauris morbi non lectus aliquam                                        | true
 12 | nullam orci pede venenatis non sodales sed tincidunt eu felis fusce posuere felis                    | true
 14 | id consequat in consequat ut nulla sed accumsan felis ut at                                          | false
 15 | nulla ut erat id mauris vulputate elementum nullam varius nulla facilisi cras non                    | false
 16 | eget massa tempor convallis nulla neque libero convallis eget eleifend luctus                        | true
 17 | iaculis diam erat fermentum justo nec condimentum neque sapien placerat                              | true
 18 | sapien varius ut blandit non interdum in ante vestibulum ante                                        | true
 19 | in quis justo maecenas rhoncus aliquam lacus morbi quis tortor id                                    | true
 20 | adipiscing lorem vitae mattis nibh ligula nec sem duis aliquam convallis nunc proin at turpis a pede | false
(13 rows)

postgres=# \dt todo
        List of relations
 Schema | Name | Type  |  Owner
--------+------+-------+----------
 public | todo | table | postgres
(1 row)

postgres=# \d todo
                                      Table "public.todo"
   Column    |          Type          | Collation | Nullable |             Default
-------------+------------------------+-----------+----------+----------------------------------
 id          | integer                |           |          | nextval('todo_id_seq'::regclass)
 description | character varying(100) |           |          |
 done        | character varying(50)  |           |          |

postgres=# ALTER TABLE todo ADD PRIMARY KEY (id);
ALTER TABLE
postgres=# \d todo
                                      Table "public.todo"
   Column    |          Type          | Collation | Nullable |             Default
-------------+------------------------+-----------+----------+----------------------------------
 id          | integer                |           | not null | nextval('todo_id_seq'::regclass)
 description | character varying(100) |           |          |
 done        | character varying(50)  |           |          |
Indexes:
    "todo_pkey" PRIMARY KEY, btree (id)

postgres=#






































































































































































































































































































































































































































































































































































































































































































































































































































































































arek@Lenovo_ARK:/mnt/c/WINDOWS/system32$ sudo service postgresql start
[sudo] password for arek:
 * Starting PostgreSQL 13 database server                                                                        [ OK ]
arek@Lenovo_ARK:/mnt/c/WINDOWS/system32$ sudo -u postgres psql
psql (13.2 (Ubuntu 13.2-1.pgdg20.04+1))
Type "help" for help.

postgres=# /dl
postgres-# \dl
      Large objects
 ID | Owner | Description
----+-------+-------------
(0 rows)

postgres-# \dt
        List of relations
 Schema | Name | Type  |  Owner
--------+------+-------+----------
 public | todo | table | postgres
(1 row)

postgres-# select MAX(id) + 1 FROM todo;
ERROR:  syntax error at or near "/"
LINE 1: /dl
        ^
postgres=# select MAX(id) + 1 FROM todo;
 ?column?
----------
       21
(1 row)

postgres=# CREATE SEQUENCE todo_id_seq START WITH 21;
CREATE SEQUENCE
postgres=# ALTER TABLE todo ALTER COLUMN id SET DEFAULT nextval('todo_id_seq');
ALTER TABLE
postgres=# \dt
        List of relations
 Schema | Name | Type  |  Owner
--------+------+-------+----------
 public | todo | table | postgres
(1 row)

postgres=# select * from todo;
 id |                                             description                                              | done
----+------------------------------------------------------------------------------------------------------+-------
  3 | nam congue risus semper porta volutpat quam pede lobortis ligula sit amet eleifend                   | false
  5 | justo eu massa donec dapibus duis at velit eu est                                                    | true
  6 | donec pharetra magna vestibulum aliquet ultrices erat tortor sollicitudin mi sit                     | true
  7 | nulla nisl nunc nisl duis bibendum felis sed interdum venenatis turpis                               | true
 11 | metus vitae ipsum aliquam non mauris morbi non lectus aliquam                                        | true
 12 | nullam orci pede venenatis non sodales sed tincidunt eu felis fusce posuere felis                    | true
 14 | id consequat in consequat ut nulla sed accumsan felis ut at                                          | false
 15 | nulla ut erat id mauris vulputate elementum nullam varius nulla facilisi cras non                    | false
 16 | eget massa tempor convallis nulla neque libero convallis eget eleifend luctus                        | true
 17 | iaculis diam erat fermentum justo nec condimentum neque sapien placerat                              | true
 18 | sapien varius ut blandit non interdum in ante vestibulum ante                                        | true
 19 | in quis justo maecenas rhoncus aliquam lacus morbi quis tortor id                                    | true
 20 | adipiscing lorem vitae mattis nibh ligula nec sem duis aliquam convallis nunc proin at turpis a pede | false
(13 rows)

postgres=# \dt todo
        List of relations
 Schema | Name | Type  |  Owner
--------+------+-------+----------
 public | todo | table | postgres
(1 row)

postgres=# \d todo
                                      Table "public.todo"
   Column    |          Type          | Collation | Nullable |             Default
-------------+------------------------+-----------+----------+----------------------------------
 id          | integer                |           |          | nextval('todo_id_seq'::regclass)
 description | character varying(100) |           |          |
 done        | character varying(50)  |           |          |

postgres=# ALTER TABLE todo ADD PRIMARY KEY (id);
ALTER TABLE
postgres=# \d todo
                                      Table "public.todo"
   Column    |          Type          | Collation | Nullable |             Default
-------------+------------------------+-----------+----------+----------------------------------
 id          | integer                |           | not null | nextval('todo_id_seq'::regclass)
 description | character varying(100) |           |          |
 done        | character varying(50)  |           |          |
Indexes:
    "todo_pkey" PRIMARY KEY, btree (id)

postgres=#








































































































































































































































































































































































































































































































































































































































































































































































































































































































































































